[filesheeter.net/index.html]
[backblue.gif]
[fade.gif]
[index.html]
[filesheeter.net/checkouts/internal/preloads693a.js]
[filesheeter.net/cdn/shopifycloud/shop-js/modules/v2/loader.init-shop-cart-sync.en.esm.js]
[cdn.shopify.com/shopifycloud/storefront-forms-hcaptcha/ce_storefront_forms_captcha_hcaptcha.v1.5.2.iife.js]
[filesheeter.net/cdn/shopifycloud/storefront/assets/storefront/load_feature-1bd60354.js]
[filesheeter.net/cdn/shopifycloud/portable-wallets/latest/portable-wallets.en.js]
[filesheeter.net/cdn/shopifycloud/privacy-banner/storefront-banner.js]
[filesheeter.net/cdn/shopifycloud/portable-wallets/latest/accelerated-checkout-backwards-compat.css]
[filesheeter.net/cdn/fonts/fira_sans/firasans_n4.2bbe25c7eff81f2190328b1f4c09fff694a30391.woff2]
[filesheeter.net/cdn/fonts/fira_sans/firasans_n4.3080da6df53473deabf85f231151766e88fe58e5.woff]
[filesheeter.net/cdn/fonts/open_sans/opensans_n4.c32e4d4eca5273f6d4ee95ddf54b5bbb75fc9b61.woff2]
[filesheeter.net/cdn/fonts/open_sans/opensans_n4.5f3406f8d94162b37bfa232b486ac93ee892406d.woff]
[filesheeter.net/cdn/fonts/open_sans/opensans_n7.a9393be1574ea8606c68f4441806b2711d0d13e4.woff2]
[filesheeter.net/cdn/fonts/open_sans/opensans_n7.7b8af34a6ebf52beb1a4c1d8c73ad6910ec2e553.woff]
[filesheeter.net/cdn/fonts/open_sans/opensans_i4.6f1d45f7a46916cc95c694aab32ecbf7509cbf33.woff2]
[filesheeter.net/cdn/fonts/open_sans/opensans_i4.4efaa52d5a57aa9a57c1556cc2b7465d18839daa.woff]
[filesheeter.net/cdn/fonts/open_sans/opensans_i7.916ced2e2ce15f7fcd95d196601a15e7b89ee9a4.woff2]
[filesheeter.net/cdn/fonts/open_sans/opensans_i7.99a9cff8c86ea65461de497ade3d515a98f8b32a.woff]
[filesheeter.net/cdn/shop/t/7/assets/theme.min017e.css]
[filesheeter.net/POST]
[filesheeter.net/cdn]
[filesheeter.net/cdn/s/trekkie.storefront.40cf76d5f324d17d3a4347e25c36a3e219ef9f79.min.js]
[filesheeter.net/cdn/shopifycloud/storefront/assets/shop_events_listener-3da45d37.js]
[filesheeter.net/cdn/shopifycloud/perf-kit/shopify-perf-kit-3.3.1.min.js]
[filesheeter.net/cart.html]
[filesheeter.net/cdn/shop/files/1_1080xbec8.png]
[filesheeter.net/pages/download.html]
[filesheeter.net/cdn/shop/files/filesheeter_503x5030c09.png]
[filesheeter.net/policies/privacy-policy.html]
[filesheeter.net/policies/terms-of-service.html]
[filesheeter.net/search.html]
[filesheeter.net/policies/refund-policy.html]
[filesheeter.net/cdn/shop/t/7/assets/vendor.minac15.js]
[filesheeter.net/index.html]
[filesheeter.net/cdn/shopifycloud/portable-wallets/latest/accelerated-checkout-backwards-compat.css]
[filesheeter.net/cdn/shop/t/7/assets/theme.min017e.css]
[filesheeter.net/POST.html]
[filesheeter.net/cdn.html]
[filesheeter.net/cdn/shop/t/7/assets/theme.mine14c.js]
[filesheeter.net/cart.html]
[filesheeter.net/pages/POST]
[filesheeter.net/pages/download.html]
[filesheeter.net/cdn/shopifycloud/storefront/assets/storefront/policy-0e156355.css]
[filesheeter.net/policies/POST]
[filesheeter.net/policies/www.allaboutcookies.org]
[filesheeter.net/policies/privacy-policy.html]
[filesheeter.net/policies/terms-of-service.html]
[filesheeter.net/search.html]
[filesheeter.net/policies/refund-policy.html]
[filesheeter.net/pages/POST.html]
[filesheeter.net/cdn/shopifycloud/storefront/assets/storefront/policy-0e156355.css]
[filesheeter.net/policies/POST.html]
[filesheeter.net/policies/www.allaboutcookies.org]
